// Vitest Snapshot v1, https://vitest.dev/guide/snapshot.html

exports[`assemblePrompt > matches the spec §8.1 format with an index 1`] = `
"<agent-memory dir="/home/u/.agentgrid/agents/reviewer@hrns/memory">
<index>
- [Staging ns](staging-namespace.md) — namespace is hrns-stg
</index>
Read a memory file with Read when its one-line hook looks relevant to the task.
Before you finish, save any durable, non-obvious fact about this repo, its
tooling, or this kind of task as a new file in the memory dir (frontmatter:
name, description) and add one line to MEMORY.md. Do not save what the repo
or git history already records.
</agent-memory>

<task>
Review PR #12
</task>"
`;
